<html>
    <head>
        <title>toggle</title>

        
    </head>

    <body>
        
        <p>body visible</p>
        
    </body>
</html>