<html>
    <head>
        <title>toggle</title>

    </head>

    <body>
    </body>
</html>