<html>
    <head>
        <title>toggle</title>

        <!-- toggle:head -->
        <script>console.log('head visible');</script>
        <!-- endtoggle -->
    </head>

    <body>
    </body>
</html>