<html>
    <head>
        <title>toggle</title>

        
        <script>console.log('head visible');</script>
        
    </head>

    <body>
        
        <p>body visible</p>
        
    </body>
</html>